Archive member included because of file (symbol)

/Users/kyleking/Library/Application Support/Pebble SDK/SDKs/current/sdk-core/pebble/basalt/lib/libpebble.a(tmpFRPTsFpebble.o)
                              basalt/src/rocky.c.41.o (window_create)

Discarded input sections

 .text          0x0000000000000000        0x0 /usr/local/Cellar/pebble-toolchain/2.0/arm-cs-tools/bin/../lib/gcc/arm-none-eabi/4.7.2/thumb2/crti.o
 .bss           0x0000000000000000        0x0 /usr/local/Cellar/pebble-toolchain/2.0/arm-cs-tools/bin/../lib/gcc/arm-none-eabi/4.7.2/thumb2/crti.o
 .init          0x0000000000000000        0x4 /usr/local/Cellar/pebble-toolchain/2.0/arm-cs-tools/bin/../lib/gcc/arm-none-eabi/4.7.2/thumb2/crti.o
 .fini          0x0000000000000000        0x4 /usr/local/Cellar/pebble-toolchain/2.0/arm-cs-tools/bin/../lib/gcc/arm-none-eabi/4.7.2/thumb2/crti.o
 .text          0x0000000000000000       0xc8 /usr/local/Cellar/pebble-toolchain/2.0/arm-cs-tools/bin/../lib/gcc/arm-none-eabi/4.7.2/thumb2/crtbegin.o
 .bss           0x0000000000000000       0x1c /usr/local/Cellar/pebble-toolchain/2.0/arm-cs-tools/bin/../lib/gcc/arm-none-eabi/4.7.2/thumb2/crtbegin.o
 .init_array    0x0000000000000000        0x4 /usr/local/Cellar/pebble-toolchain/2.0/arm-cs-tools/bin/../lib/gcc/arm-none-eabi/4.7.2/thumb2/crtbegin.o
 .fini_array    0x0000000000000000        0x4 /usr/local/Cellar/pebble-toolchain/2.0/arm-cs-tools/bin/../lib/gcc/arm-none-eabi/4.7.2/thumb2/crtbegin.o
 .eh_frame      0x0000000000000000        0x0 /usr/local/Cellar/pebble-toolchain/2.0/arm-cs-tools/bin/../lib/gcc/arm-none-eabi/4.7.2/thumb2/crtbegin.o
 .jcr           0x0000000000000000        0x0 /usr/local/Cellar/pebble-toolchain/2.0/arm-cs-tools/bin/../lib/gcc/arm-none-eabi/4.7.2/thumb2/crtbegin.o
 .tm_clone_table
                0x0000000000000000        0x0 /usr/local/Cellar/pebble-toolchain/2.0/arm-cs-tools/bin/../lib/gcc/arm-none-eabi/4.7.2/thumb2/crtbegin.o
 .text          0x0000000000000000        0x0 basalt/src/rocky.c.41.o
 .bss           0x0000000000000000        0x0 basalt/src/rocky.c.41.o
 .text          0x0000000000000000        0x0 basalt/appinfo.auto.c.41.o
 .bss           0x0000000000000000        0x0 basalt/appinfo.auto.c.41.o
 .text          0x0000000000000000        0x0 basalt/src/resource_ids.auto.c.41.o
 .bss           0x0000000000000000        0x0 basalt/src/resource_ids.auto.c.41.o
 .data.RESOURCE_ID_JS_SNAPSHOT
                0x0000000000000000        0x4 basalt/src/resource_ids.auto.c.41.o
 .text          0x0000000000000000        0x0 src/message_keys.auto.c.41.o
 .bss           0x0000000000000000        0x0 src/message_keys.auto.c.41.o
 .data.MESSAGE_KEY_ControlKeyResetComplete
                0x0000000000000000        0x4 src/message_keys.auto.c.41.o
 .data.MESSAGE_KEY_ControlKeyUnsupportedError
                0x0000000000000000        0x4 src/message_keys.auto.c.41.o
 .data.MESSAGE_KEY_ControlKeyChunk
                0x0000000000000000        0x4 src/message_keys.auto.c.41.o
 .data.MESSAGE_KEY_ControlKeyResetRequest
                0x0000000000000000        0x4 src/message_keys.auto.c.41.o
 .bss           0x0000000000000000        0x0 /Users/kyleking/Library/Application Support/Pebble SDK/SDKs/current/sdk-core/pebble/basalt/lib/libpebble.a(tmpFRPTsFpebble.o)
 .text.accel_data_service_subscribe__deprecated
                0x0000000000000000        0xc /Users/kyleking/Library/Application Support/Pebble SDK/SDKs/current/sdk-core/pebble/basalt/lib/libpebble.a(tmpFRPTsFpebble.o)
 .text.accel_data_service_unsubscribe
                0x0000000000000000        0xc /Users/kyleking/Library/Application Support/Pebble SDK/SDKs/current/sdk-core/pebble/basalt/lib/libpebble.a(tmpFRPTsFpebble.o)
 .text.accel_service_peek
                0x0000000000000000        0xc /Users/kyleking/Library/Application Support/Pebble SDK/SDKs/current/sdk-core/pebble/basalt/lib/libpebble.a(tmpFRPTsFpebble.o)
 .text.accel_service_set_samples_per_update
                0x0000000000000000        0xc /Users/kyleking/Library/Application Support/Pebble SDK/SDKs/current/sdk-core/pebble/basalt/lib/libpebble.a(tmpFRPTsFpebble.o)
 .text.accel_service_set_sampling_rate
                0x0000000000000000        0xc /Users/kyleking/Library/Application Support/Pebble SDK/SDKs/current/sdk-core/pebble/basalt/lib/libpebble.a(tmpFRPTsFpebble.o)
 .text.accel_tap_service_subscribe
                0x0000000000000000        0xc /Users/kyleking/Library/Application Support/Pebble SDK/SDKs/current/sdk-core/pebble/basalt/lib/libpebble.a(tmpFRPTsFpebble.o)
 .text.accel_tap_service_unsubscribe
                0x0000000000000000        0xc /Users/kyleking/Library/Application Support/Pebble SDK/SDKs/current/sdk-core/pebble/basalt/lib/libpebble.a(tmpFRPTsFpebble.o)
 .text.action_bar_layer_legacy2_add_to_window
                0x0000000000000000        0xc /Users/kyleking/Library/Application Support/Pebble SDK/SDKs/current/sdk-core/pebble/basalt/lib/libpebble.a(tmpFRPTsFpebble.o)
[...]
Memory Configuration

Name             Origin             Length             Attributes
APP              0x0000000000000000 0x0000000000010000 xrw
*default*        0x0000000000000000 0xffffffffffffffff

Linker script and memory map

LOAD /usr/local/Cellar/pebble-toolchain/2.0/arm-cs-tools/bin/../lib/gcc/arm-none-eabi/4.7.2/thumb2/crti.o
LOAD /usr/local/Cellar/pebble-toolchain/2.0/arm-cs-tools/bin/../lib/gcc/arm-none-eabi/4.7.2/thumb2/crtbegin.o
LOAD basalt/src/rocky.c.41.o
LOAD basalt/appinfo.auto.c.41.o
LOAD basalt/src/resource_ids.auto.c.41.o
LOAD src/message_keys.auto.c.41.o
LOAD /Users/kyleking/Library/Application Support/Pebble SDK/SDKs/current/sdk-core/pebble/basalt/lib/libpebble.a
START GROUP
LOAD /usr/local/Cellar/pebble-toolchain/2.0/arm-cs-tools/bin/../lib/gcc/arm-none-eabi/4.7.2/thumb2/libgcc.a
LOAD /usr/local/Cellar/pebble-toolchain/2.0/arm-cs-tools/bin/../lib/gcc/arm-none-eabi/4.7.2/../../../../arm-none-eabi/lib/thumb2/libc.a
END GROUP
LOAD /usr/local/Cellar/pebble-toolchain/2.0/arm-cs-tools/bin/../lib/gcc/arm-none-eabi/4.7.2/thumb2/crtend.o
LOAD /usr/local/Cellar/pebble-toolchain/2.0/arm-cs-tools/bin/../lib/gcc/arm-none-eabi/4.7.2/thumb2/crtn.o

.header         0x0000000000000000       0x82
 *(.pbl_header)
 .pbl_header    0x0000000000000000       0x82 basalt/appinfo.auto.c.41.o
                0x0000000000000000                __pbl_app_info

.note.gnu.build-id
                0x0000000000000082       0x26
                0x0000000000000082                PROVIDE (BUILD_ID, .)
 *(.note.gnu.build-id)
 *fill*         0x0000000000000082        0x2 
 .note.gnu.build-id
                0x0000000000000084       0x24 linker stubs

.text           0x00000000000000a8       0x50
 *(.text)
 .text          0x00000000000000a8       0x14 /Users/kyleking/Library/Application Support/Pebble SDK/SDKs/current/sdk-core/pebble/basalt/lib/libpebble.a(tmpFRPTsFpebble.o)
 *(.text.*)
 .text.startup.main
                0x00000000000000bc       0x16 basalt/src/rocky.c.41.o
                0x00000000000000bc                main
 *fill*         0x00000000000000d2        0x2 
 .text.window_create
                0x00000000000000d4        0xc /Users/kyleking/Library/Application Support/Pebble SDK/SDKs/current/sdk-core/pebble/basalt/lib/libpebble.a(tmpFRPTsFpebble.o)
                0x00000000000000d4                window_create
 .text.window_stack_push
                0x00000000000000e0        0xc /Users/kyleking/Library/Application Support/Pebble SDK/SDKs/current/sdk-core/pebble/basalt/lib/libpebble.a(tmpFRPTsFpebble.o)
                0x00000000000000e0                window_stack_push
 .text.rocky_event_loop_with_resource
                0x00000000000000ec        0xc /Users/kyleking/Library/Application Support/Pebble SDK/SDKs/current/sdk-core/pebble/basalt/lib/libpebble.a(tmpFRPTsFpebble.o)
                0x00000000000000ec                rocky_event_loop_with_resource
 *(.rodata)
 *(.rodata*)

.glue_7         0x00000000000000f8        0x0
 .glue_7        0x0000000000000000        0x0 linker stubs

.glue_7t        0x00000000000000f8        0x0
 .glue_7t       0x0000000000000000        0x0 linker stubs

.vfp11_veneer   0x00000000000000f8        0x0
 .vfp11_veneer  0x0000000000000000        0x0 linker stubs

.v4_bx          0x00000000000000f8        0x0
 .v4_bx         0x0000000000000000        0x0 linker stubs

.iplt           0x00000000000000f8        0x0
 .iplt          0x0000000000000000        0x0 /usr/local/Cellar/pebble-toolchain/2.0/arm-cs-tools/bin/../lib/gcc/arm-none-eabi/4.7.2/thumb2/crtbegin.o

.rel.dyn        0x00000000000000f8        0x0
 .rel.iplt      0x0000000000000000        0x0 /usr/local/Cellar/pebble-toolchain/2.0/arm-cs-tools/bin/../lib/gcc/arm-none-eabi/4.7.2/thumb2/crtbegin.o

.data           0x00000000000000f8        0x4
 *(.data)
 .data          0x00000000000000f8        0x0 /usr/local/Cellar/pebble-toolchain/2.0/arm-cs-tools/bin/../lib/gcc/arm-none-eabi/4.7.2/thumb2/crti.o
 .data          0x00000000000000f8        0x4 /usr/local/Cellar/pebble-toolchain/2.0/arm-cs-tools/bin/../lib/gcc/arm-none-eabi/4.7.2/thumb2/crtbegin.o
                0x00000000000000f8                __dso_handle
 .data          0x00000000000000fc        0x0 basalt/src/rocky.c.41.o
 .data          0x00000000000000fc        0x0 basalt/appinfo.auto.c.41.o
 .data          0x00000000000000fc        0x0 basalt/src/resource_ids.auto.c.41.o
 .data          0x00000000000000fc        0x0 src/message_keys.auto.c.41.o
 .data          0x00000000000000fc        0x0 /Users/kyleking/Library/Application Support/Pebble SDK/SDKs/current/sdk-core/pebble/basalt/lib/libpebble.a(tmpFRPTsFpebble.o)
 .data          0x00000000000000fc        0x0 /usr/local/Cellar/pebble-toolchain/2.0/arm-cs-tools/bin/../lib/gcc/arm-none-eabi/4.7.2/thumb2/crtend.o
 .data          0x00000000000000fc        0x0 /usr/local/Cellar/pebble-toolchain/2.0/arm-cs-tools/bin/../lib/gcc/arm-none-eabi/4.7.2/thumb2/crtn.o
 *(.data.*)

.igot.plt       0x00000000000000fc        0x0
 .igot.plt      0x0000000000000000        0x0 /usr/local/Cellar/pebble-toolchain/2.0/arm-cs-tools/bin/../lib/gcc/arm-none-eabi/4.7.2/thumb2/crtbegin.o

.bss
 *(.bss)
 *(.bss.*)

DISCARD
 libc.a(*)
 libm.a(*)
 libgcc.a(*)
 *(.eh_frame)
OUTPUT(/Users/kyleking/Developer/My-Programming-Sketchbook/Pebble/hello_world/build/basalt/pebble-app.elf elf32-littlearm)

.ARM.attributes
                0x0000000000000000       0x27
 .ARM.attributes
                0x0000000000000000       0x19 /usr/local/Cellar/pebble-toolchain/2.0/arm-cs-tools/bin/../lib/gcc/arm-none-eabi/4.7.2/thumb2/crti.o
 .ARM.attributes
                0x0000000000000019       0x29 /usr/local/Cellar/pebble-toolchain/2.0/arm-cs-tools/bin/../lib/gcc/arm-none-eabi/4.7.2/thumb2/crtbegin.o
 .ARM.attributes
                0x0000000000000042       0x33 basalt/src/rocky.c.41.o
 .ARM.attributes
                0x0000000000000075       0x33 basalt/appinfo.auto.c.41.o
 .ARM.attributes
                0x00000000000000a8       0x33 basalt/src/resource_ids.auto.c.41.o
 .ARM.attributes
                0x00000000000000db       0x33 src/message_keys.auto.c.41.o
 .ARM.attributes
                0x000000000000010e       0x21 /Users/kyleking/Library/Application Support/Pebble SDK/SDKs/current/sdk-core/pebble/basalt/lib/libpebble.a(tmpFRPTsFpebble.o)
 .ARM.attributes
                0x000000000000012f       0x29 /usr/local/Cellar/pebble-toolchain/2.0/arm-cs-tools/bin/../lib/gcc/arm-none-eabi/4.7.2/thumb2/crtend.o
 .ARM.attributes
                0x0000000000000158       0x19 /usr/local/Cellar/pebble-toolchain/2.0/arm-cs-tools/bin/../lib/gcc/arm-none-eabi/4.7.2/thumb2/crtn.o

.comment        0x0000000000000000       0x4e
 .comment       0x0000000000000000       0x4e /usr/local/Cellar/pebble-toolchain/2.0/arm-cs-tools/bin/../lib/gcc/arm-none-eabi/4.7.2/thumb2/crtbegin.o
                                         0x4f (size before relaxing)
 .comment       0x0000000000000000       0x4f basalt/src/rocky.c.41.o
 .comment       0x0000000000000000       0x4f basalt/appinfo.auto.c.41.o
 .comment       0x0000000000000000       0x4f basalt/src/resource_ids.auto.c.41.o
 .comment       0x0000000000000000       0x4f src/message_keys.auto.c.41.o
 .comment       0x0000000000000000       0x4f /usr/local/Cellar/pebble-toolchain/2.0/arm-cs-tools/bin/../lib/gcc/arm-none-eabi/4.7.2/thumb2/crtend.o

.debug_info     0x0000000000000000      0x5fd
 .debug_info    0x0000000000000000      0x15b basalt/src/rocky.c.41.o
 .debug_info    0x000000000000015b      0x36a basalt/appinfo.auto.c.41.o
 .debug_info    0x00000000000004c5       0x81 basalt/src/resource_ids.auto.c.41.o
 .debug_info    0x0000000000000546       0xb7 src/message_keys.auto.c.41.o

.debug_abbrev   0x0000000000000000      0x22c
 .debug_abbrev  0x0000000000000000      0x106 basalt/src/rocky.c.41.o
 .debug_abbrev  0x0000000000000106       0x9e basalt/appinfo.auto.c.41.o
 .debug_abbrev  0x00000000000001a4       0x44 basalt/src/resource_ids.auto.c.41.o
 .debug_abbrev  0x00000000000001e8       0x44 src/message_keys.auto.c.41.o

.debug_loc      0x0000000000000000       0x20
 .debug_loc     0x0000000000000000       0x20 basalt/src/rocky.c.41.o

.debug_aranges  0x0000000000000000       0x68
 .debug_aranges
                0x0000000000000000       0x20 basalt/src/rocky.c.41.o
 .debug_aranges
                0x0000000000000020       0x18 basalt/appinfo.auto.c.41.o
 .debug_aranges
                0x0000000000000038       0x18 basalt/src/resource_ids.auto.c.41.o
 .debug_aranges
                0x0000000000000050       0x18 src/message_keys.auto.c.41.o

.debug_ranges   0x0000000000000000       0x10
 .debug_ranges  0x0000000000000000       0x10 basalt/src/rocky.c.41.o

.debug_line     0x0000000000000000      0x481
 .debug_line    0x0000000000000000      0x1a7 basalt/src/rocky.c.41.o
 .debug_line    0x00000000000001a7      0x159 basalt/appinfo.auto.c.41.o
 .debug_line    0x0000000000000300       0xc4 basalt/src/resource_ids.auto.c.41.o
 .debug_line    0x00000000000003c4       0xbd src/message_keys.auto.c.41.o

.debug_str      0x0000000000000000      0x540
 .debug_str     0x0000000000000000      0x175 basalt/src/rocky.c.41.o
                                        0x1ae (size before relaxing)
 .debug_str     0x0000000000000175      0x30a basalt/appinfo.auto.c.41.o
                                        0x44d (size before relaxing)
 .debug_str     0x000000000000047f       0x1f basalt/src/resource_ids.auto.c.41.o
                                        0x11d (size before relaxing)
 .debug_str     0x000000000000049e       0xa2 src/message_keys.auto.c.41.o
                                        0x188 (size before relaxing)

.debug_frame    0x0000000000000000       0x28
 .debug_frame   0x0000000000000000       0x28 basalt/src/rocky.c.41.o
